MAP
  NAME "light_polllution_atlas"
OUTPUTFORMAT
  NAME "png"
  DRIVER GDAL/PNG
  MIMETYPE "image/png"
  IMAGEMODE RGBA
  EXTENSION "png"
END
  STATUS ON
  SIZE 400 300
  UNITS METERS
  SHAPEPATH "/state/partition1/data/mapserv/data"
  IMAGECOLOR 255 255 255
  
  WEB
    IMAGEPATH "/export/data/mapserv/tmp/img_tmp"
    IMAGEURL "/wms_tmp/"
    METADATA
      "wms_title" "Light pollution atlas WMS"
      "wms_onlinresource" "http://galileo.graphycs.cegepsherbrooke.qc.ca/lpawms"
      "wms_srs" "EPSG:900913"
      "wms_enable_request" "*"
    END
  END

  PROJECTION
    "init=epsg:900913"
  END
  LEGEND
    STATUS ON
  END
LAYER
    NAME "PCL-OT-before_midnight-rd4000-ta0.200-wl546-el5-az60_epsg900913"
    METADATA
      "wms_title"  "PCL-OT-before_midnight-rd4000-ta0.200-wl546-el5-az60_epsg900913"
    END
    TYPE RASTER
    DATA PCL-OT-before_midnight-rd4000-ta0.200-wl546-el5-az60_epsg900913.tif
    STATUS ON
    PROJECTION
      "init=epsg:900913"
    END
    CLASSITEM "[pixel]"
    CLASS
      NAME "0"
      EXPRESSION ([pixel] < 0.005)
      STYLE
        COLOR 255 255 255
        OPACITY 15
      END
    END
    CLASS
      NAME ""
      EXPRESSION ([pixel] < 0.0075)
      STYLE
        COLOR 255 255 178
        OPACITY 60
      END
    END
    CLASS
      NAME ""
      EXPRESSION ([pixel] < 0.0125)
      STYLE
        COLOR 254 217 118
        OPACITY 60
      END
    END
    CLASS
      NAME ""
      EXPRESSION ([pixel] < 0.0175)
      STYLE
        COLOR 254 178 76
        OPACITY 60
      END
    END
    CLASS
      NAME ""
      EXPRESSION ([pixel] < 0.0225)
      STYLE
        COLOR 253 141 60
        OPACITY 60
      END
    END
    CLASS
      NAME ""
      EXPRESSION ([pixel] < 0.0275)
      STYLE
        COLOR 252 78 42
        OPACITY 60
      END
    END
    CLASS
      NAME ""
      EXPRESSION ([pixel] < 0.0325)
      STYLE
        COLOR 227 26 28
        OPACITY 60
      END
    END
    CLASS
      NAME "0.04"
      EXPRESSION ([pixel] < 0.0375)
      STYLE
        COLOR 177 0 38
        OPACITY 60
      END
    END
  END
END
